// Vitest Snapshot v1, https://vitest.dev/guide/snapshot.html

exports[`TDEE Calculations > golden outputs snapshot 1`] = `
{
  "activeHighProtein": {
    "adjustedCalories": 3450,
    "palFactor": 1.725,
    "tdee": 3450,
    "tef": 517.5,
  },
  "moderateBalanced": {
    "adjustedCalories": 2557.5,
    "palFactor": 1.55,
    "tdee": 2557.5,
    "tef": 255.75,
  },
  "sedentaryKetoSurplus": {
    "adjustedCalories": 1848,
    "palFactor": 1.2,
    "tdee": 1680,
    "tef": 201.6,
  },
}
`;
